Command line invocation:
    /Applications/Xcode.app/Contents/Developer/usr/bin/xcodebuild -project VitalArc.xcodeproj -scheme VitalArc -destination "platform=iOS Simulator,id=987FB931-73D9-44CF-8B71-04BD26BF0168" build

ComputePackagePrebuildTargetDependencyGraph

Prepare packages

CreateBuildRequest

SendProjectDescription

CreateBuildOperation

ComputeTargetDependencyGraph
note: Building targets in dependency order
note: Target dependency graph (1 target)
    Target 'VitalArc' in project 'VitalArc' (no dependencies)

GatherProvisioningInputs

CreateBuildDescription

ClangStatCache /Applications/Xcode.app/Contents/Developer/Toolchains/XcodeDefault.xctoolchain/usr/bin/clang-stat-cache /Applications/Xcode.app/Contents/Developer/Platforms/iPhoneSimulator.platform/Developer/SDKs/iPhoneSimulator26.2.sdk /Users/tanujsutaria/Library/Developer/Xcode/DerivedData/SDKStatCaches.noindex/iphonesimulator26.2-23C53-7d00a8b37fbd7999ea79df8ebc024bf0.sdkstatcache
    cd /Users/tanujsutaria/Development/VitalArc/VitalArc.xcodeproj
    /Applications/Xcode.app/Contents/Developer/Toolchains/XcodeDefault.xctoolchain/usr/bin/clang-stat-cache /Applications/Xcode.app/Contents/Developer/Platforms/iPhoneSimulator.platform/Developer/SDKs/iPhoneSimulator26.2.sdk -o /Users/tanujsutaria/Library/Developer/Xcode/DerivedData/SDKStatCaches.noindex/iphonesimulator26.2-23C53-7d00a8b37fbd7999ea79df8ebc024bf0.sdkstatcache

SwiftDriver VitalArc normal arm64 com.apple.xcode.tools.swift.compiler (in target 'VitalArc' from project 'VitalArc')
    cd /Users/tanujsutaria/Development/VitalArc
    builtin-SwiftDriver -- /Applications/Xcode.app/Contents/Developer/Toolchains/XcodeDefault.xctoolchain/usr/bin/swiftc -module-name VitalArc -Onone -enforce-exclusivity\=checked @/Users/tanujsutaria/Library/Developer/Xcode/DerivedData/VitalArc-avtzrztwhtjvmfecaxystanwxewy/Build/Intermediates.noindex/VitalArc.build/Debug-iphonesimulator/VitalArc.build/Objects-normal/arm64/VitalArc.SwiftFileList -DDEBUG -enable-bare-slash-regex -enable-experimental-feature DebugDescriptionMacro -sdk /Applications/Xcode.app/Contents/Developer/Platforms/iPhoneSimulator.platform/Developer/SDKs/iPhoneSimulator26.2.sdk -target arm64-apple-ios17.0-simulator -g -module-cache-path /Users/tanujsutaria/Library/Developer/Xcode/DerivedData/ModuleCache.noindex -Xfrontend -serialize-debugging-options -enable-testing -index-store-path /Users/tanujsutaria/Library/Developer/Xcode/DerivedData/VitalArc-avtzrztwhtjvmfecaxystanwxewy/Index.noindex/DataStore -Xcc -D_LIBCPP_HARDENING_MODE\=_LIBCPP_HARDENING_MODE_DEBUG -swift-version 5 -I /Users/tanujsutaria/Library/Developer/Xcode/DerivedData/VitalArc-avtzrztwhtjvmfecaxystanwxewy/Build/Products/Debug-iphonesimulator -F /Users/tanujsutaria/Library/Developer/Xcode/DerivedData/VitalArc-avtzrztwhtjvmfecaxystanwxewy/Build/Products/Debug-iphonesimulator -emit-localized-strings -emit-localized-strings-path /Users/tanujsutaria/Library/Developer/Xcode/DerivedData/VitalArc-avtzrztwhtjvmfecaxystanwxewy/Build/Intermediates.noindex/VitalArc.build/Debug-iphonesimulator/VitalArc.build/Objects-normal/arm64 -c -j10 -enable-batch-mode -incremental -Xcc -ivfsstatcache -Xcc /Users/tanujsutaria/Library/Developer/Xcode/DerivedData/SDKStatCaches.noindex/iphonesimulator26.2-23C53-7d00a8b37fbd7999ea79df8ebc024bf0.sdkstatcache -output-file-map /Users/tanujsutaria/Library/Developer/Xcode/DerivedData/VitalArc-avtzrztwhtjvmfecaxystanwxewy/Build/Intermediates.noindex/VitalArc.build/Debug-iphonesimulator/VitalArc.build/Objects-normal/arm64/VitalArc-OutputFileMap.json -use-frontend-parseable-output -save-temps -no-color-diagnostics -explicit-module-build -module-cache-path /Users/tanujsutaria/Library/Developer/Xcode/DerivedData/VitalArc-avtzrztwhtjvmfecaxystanwxewy/Build/Intermediates.noindex/SwiftExplicitPrecompiledModules -clang-scanner-module-cache-path /Users/tanujsutaria/Library/Developer/Xcode/DerivedData/ModuleCache.noindex -sdk-module-cache-path /Users/tanujsutaria/Library/Developer/Xcode/DerivedData/ModuleCache.noindex -serialize-diagnostics -emit-dependencies -emit-module -emit-module-path /Users/tanujsutaria/Library/Developer/Xcode/DerivedData/VitalArc-avtzrztwhtjvmfecaxystanwxewy/Build/Intermediates.noindex/VitalArc.build/Debug-iphonesimulator/VitalArc.build/Objects-normal/arm64/VitalArc.swiftmodule -validate-clang-modules-once -clang-build-session-file /Users/tanujsutaria/Library/Developer/Xcode/DerivedData/ModuleCache.noindex/Session.modulevalidation -Xcc -I/Users/tanujsutaria/Library/Developer/Xcode/DerivedData/VitalArc-avtzrztwhtjvmfecaxystanwxewy/Build/Intermediates.noindex/VitalArc.build/Debug-iphonesimulator/VitalArc.build/swift-overrides.hmap -emit-const-values -Xfrontend -const-gather-protocols-file -Xfrontend /Users/tanujsutaria/Library/Developer/Xcode/DerivedData/VitalArc-avtzrztwhtjvmfecaxystanwxewy/Build/Intermediates.noindex/VitalArc.build/Debug-iphonesimulator/VitalArc.build/Objects-normal/arm64/VitalArc_const_extract_protocols.json -Xcc -iquote -Xcc /Users/tanujsutaria/Library/Developer/Xcode/DerivedData/VitalArc-avtzrztwhtjvmfecaxystanwxewy/Build/Intermediates.noindex/VitalArc.build/Debug-iphonesimulator/VitalArc.build/VitalArc-generated-files.hmap -Xcc -I/Users/tanujsutaria/Library/Developer/Xcode/DerivedData/VitalArc-avtzrztwhtjvmfecaxystanwxewy/Build/Intermediates.noindex/VitalArc.build/Debug-iphonesimulator/VitalArc.build/VitalArc-own-target-headers.hmap -Xcc -I/Users/tanujsutaria/Library/Developer/Xcode/DerivedData/VitalArc-avtzrztwhtjvmfecaxystanwxewy/Build/Intermediates.noindex/VitalArc.build/Debug-iphonesimulator/VitalArc.build/VitalArc-all-target-headers.hmap -Xcc -iquote -Xcc /Users/tanujsutaria/Library/Developer/Xcode/DerivedData/VitalArc-avtzrztwhtjvmfecaxystanwxewy/Build/Intermediates.noindex/VitalArc.build/Debug-iphonesimulator/VitalArc.build/VitalArc-project-headers.hmap -Xcc -I/Users/tanujsutaria/Library/Developer/Xcode/DerivedData/VitalArc-avtzrztwhtjvmfecaxystanwxewy/Build/Products/Debug-iphonesimulator/include -Xcc -I/Users/tanujsutaria/Library/Developer/Xcode/DerivedData/VitalArc-avtzrztwhtjvmfecaxystanwxewy/Build/Intermediates.noindex/VitalArc.build/Debug-iphonesimulator/VitalArc.build/DerivedSources-normal/arm64 -Xcc -I/Users/tanujsutaria/Library/Developer/Xcode/DerivedData/VitalArc-avtzrztwhtjvmfecaxystanwxewy/Build/Intermediates.noindex/VitalArc.build/Debug-iphonesimulator/VitalArc.build/DerivedSources/arm64 -Xcc -I/Users/tanujsutaria/Library/Developer/Xcode/DerivedData/VitalArc-avtzrztwhtjvmfecaxystanwxewy/Build/Intermediates.noindex/VitalArc.build/Debug-iphonesimulator/VitalArc.build/DerivedSources -Xcc -DDEBUG\=1 -emit-objc-header -emit-objc-header-path /Users/tanujsutaria/Library/Developer/Xcode/DerivedData/VitalArc-avtzrztwhtjvmfecaxystanwxewy/Build/Intermediates.noindex/VitalArc.build/Debug-iphonesimulator/VitalArc.build/Objects-normal/arm64/VitalArc-Swift.h -working-directory /Users/tanujsutaria/Development/VitalArc -experimental-emit-module-separately -disable-cmo
/Users/tanujsutaria/Development/VitalArc/VitalArc/Data/Seeds/ExerciseSeedsBarbell.swift:153:1: error: unexpected ',' separator
,
^
/Users/tanujsutaria/Development/VitalArc/VitalArc/Data/Seeds/ExerciseSeedsBarbell.swift:646:1: error: unexpected ',' separator
,
^
/Users/tanujsutaria/Development/VitalArc/VitalArc/Data/Seeds/ExerciseSeedsBarbell.swift:153:1: error: Unexpected ',' separator
,
^ (in target 'VitalArc' from project 'VitalArc')
/Users/tanujsutaria/Development/VitalArc/VitalArc/Data/Seeds/ExerciseSeedsBarbell.swift:646:1: error: Unexpected ',' separator
,
^ (in target 'VitalArc' from project 'VitalArc')

** BUILD FAILED **


The following build commands failed:
	SwiftDriver VitalArc normal arm64 com.apple.xcode.tools.swift.compiler (in target 'VitalArc' from project 'VitalArc')
	Building project VitalArc with scheme VitalArc
(2 failures)
